
> react-typescript-starter@0.1.0 test
> react-scripts test

Browserslist: caniuse-lite is outdated. Please run:
  npx browserslist@latest --update-db
  Why you should do it regularly: https://github.com/browserslist/browserslist#browsers-data-updating
PASS src/HtmlCss.test.tsx
PASS src/text.test.tsx
FAIL src/App.test.tsx
  ● renders the course name somewhere

    TestingLibraryElementError: Found multiple elements with the text: /COS420/i

    Here are the matching elements:

    Ignored nodes: comments, <script />, <style />
    [36m<header[39m
      [33mclass[39m=[32m"App-header"[39m
    [36m>[39m
      [0mUM COS420 with React Hooks and TypeScript[0m
    [36m</header>[39m

    Ignored nodes: comments, <script />, <style />
    [36m<p>[39m
      [0mEdit [0m
      [36m<code>[39m
        [0msrc/App.tsx[0m
      [36m</code>[39m
      [0m and save. This page will automatically reload. Hello World. COS420.[0m
    [36m</p>[39m

    (If this is intentional, then use the `*AllBy*` variant of the query (like `queryAllByText`, `getAllByText`, or `findAllByText`)).

    Ignored nodes: comments, <script />, <style />
    [36m<body>[39m
      [36m<div>[39m
        [36m<div[39m
          [33mclass[39m=[32m"App"[39m
        [36m>[39m
          [36m<h1>[39m
            [0mThis is the New Header[0m
          [36m</h1>[39m
          [36m<header[39m
            [33mclass[39m=[32m"App-header"[39m
          [36m>[39m
            [0mUM COS420 with React Hooks and TypeScript[0m
          [36m</header>[39m
          [36m<p>[39m
            [0mEdit [0m
            [36m<code>[39m
              [0msrc/App.tsx[0m
            [36m</code>[39m
            [0m and save. This page will automatically reload. Hello World. COS420.[0m
          [36m</p>[39m
          [36m<button[39m
            [33maria-label[39m=[32m"Log Hello World"[39m
            [33mclass[39m=[32m"btn btn-primary"[39m
            [33mtype[39m=[32m"button"[39m
          [36m>[39m
            [0mClick[0m
          [36m</button>[39m
          [36m<img[39m
            [33malt[39m=[32m"a picture of Dennis Rodman"[39m
            [33msrc[39m=[32m"C:\\Users\\owenb\\Desktop\\Rodman"[39m
          [36m/>[39m
          [36m<ol>[39m
            [36m<li>[39m
              [0m1[0m
            [36m</li>[39m
            [36m<li>[39m
              [0m2[0m
            [36m</li>[39m
            [36m<li>[39m
              [0m3[0m
            [36m</li>[39m
          [36m</ol>[39m
          [36m<p>[39m
            [0mOwen Bellew[0m
          [36m</p>[39m
        [36m</div>[39m
      [36m</div>[39m
    [36m</body>[39m

       5 | test("renders the course name somewhere", () => {
       6 |     render(<App />);
    >  7 |     const linkElement = screen.getByText(/COS420/i);
         |                                ^
       8 |     expect(linkElement).toBeInTheDocument();
       9 | });
      10 |

      at Object.getElementError (node_modules/@testing-library/dom/dist/config.js:38:19)
      at getElementError (node_modules/@testing-library/dom/dist/query-helpers.js:25:35)
      at getMultipleElementsFoundError (node_modules/@testing-library/dom/dist/query-helpers.js:29:10)
      at node_modules/@testing-library/dom/dist/query-helpers.js:66:13
      at getByText (node_modules/@testing-library/dom/dist/query-helpers.js:111:19)
      at Object.<anonymous> (src/App.test.tsx:7:32)
      at TestScheduler.scheduleTests (node_modules/@jest/core/build/TestScheduler.js:333:13)
      at runJest (node_modules/@jest/core/build/runJest.js:404:19)
      at _run10000 (node_modules/@jest/core/build/cli/index.js:320:7)
      at runCLI (node_modules/@jest/core/build/cli/index.js:173:3)

----------|---------|----------|---------|---------|-------------------
File      | % Stmts | % Branch | % Funcs | % Lines | Uncovered Line #s 
----------|---------|----------|---------|---------|-------------------
All files |     100 |      100 |     100 |     100 |                   
 App.tsx  |     100 |      100 |     100 |     100 |                   
----------|---------|----------|---------|---------|-------------------
Test Suites: 1 failed, 2 passed, 3 total
Tests:       1 failed, 8 passed, 9 total
Snapshots:   0 total
Time:        4.259 s
Ran all test suites.
